[2022-03-27T14:45:43.932-0300][gc,heap] Heap region size: 1M
[2022-03-27T14:45:43.946-0300][gc     ] Using G1
[2022-03-27T14:45:43.946-0300][gc,heap,coops] Heap address: 0x00000000c0000000, size: 1024 MB, Compressed Oops mode: 32-bit
[2022-03-27T14:45:43.947-0300][gc,cds       ] Mark closed archive regions in map: [0x00000000fff00000, 0x00000000fff6aff8]
[2022-03-27T14:45:43.947-0300][gc,cds       ] Mark open archive regions in map: [0x00000000ffe00000, 0x00000000ffe46ff8]
[2022-03-27T14:45:44.808-0300][gc,start     ] GC(0) Pause Young (Normal) (G1 Evacuation Pause)
[2022-03-27T14:45:44.809-0300][gc,task      ] GC(0) Using 8 workers of 8 for evacuation
[2022-03-27T14:45:44.818-0300][gc,phases    ] GC(0)   Pre Evacuate Collection Set: 0,0ms
[2022-03-27T14:45:44.818-0300][gc,phases    ] GC(0)   Evacuate Collection Set: 8,5ms
[2022-03-27T14:45:44.818-0300][gc,phases    ] GC(0)   Post Evacuate Collection Set: 0,5ms
[2022-03-27T14:45:44.818-0300][gc,phases    ] GC(0)   Other: 0,5ms
[2022-03-27T14:45:44.818-0300][gc,heap      ] GC(0) Eden regions: 51->0(44)
[2022-03-27T14:45:44.818-0300][gc,heap      ] GC(0) Survivor regions: 0->7(7)
[2022-03-27T14:45:44.818-0300][gc,heap      ] GC(0) Old regions: 2->2
[2022-03-27T14:45:44.818-0300][gc,heap      ] GC(0) Humongous regions: 0->0
[2022-03-27T14:45:44.818-0300][gc,metaspace ] GC(0) Metaspace: 15609K->15609K(1062912K)
[2022-03-27T14:45:44.818-0300][gc           ] GC(0) Pause Young (Normal) (G1 Evacuation Pause) 51M->7M(1024M) 9,654ms
[2022-03-27T14:45:44.818-0300][gc,cpu       ] GC(0) User=0,05s Sys=0,01s Real=0,01s
[2022-03-27T14:45:45.054-0300][gc,start     ] GC(1) Pause Young (Concurrent Start) (Metadata GC Threshold)
[2022-03-27T14:45:45.054-0300][gc,task      ] GC(1) Using 8 workers of 8 for evacuation
[2022-03-27T14:45:45.062-0300][gc,phases    ] GC(1)   Pre Evacuate Collection Set: 0,1ms
[2022-03-27T14:45:45.062-0300][gc,phases    ] GC(1)   Evacuate Collection Set: 7,1ms
[2022-03-27T14:45:45.062-0300][gc,phases    ] GC(1)   Post Evacuate Collection Set: 0,5ms
[2022-03-27T14:45:45.062-0300][gc,phases    ] GC(1)   Other: 0,2ms
[2022-03-27T14:45:45.062-0300][gc,heap      ] GC(1) Eden regions: 20->0(50)
[2022-03-27T14:45:45.062-0300][gc,heap      ] GC(1) Survivor regions: 7->1(7)
[2022-03-27T14:45:45.062-0300][gc,heap      ] GC(1) Old regions: 2->9
[2022-03-27T14:45:45.062-0300][gc,heap      ] GC(1) Humongous regions: 0->0
[2022-03-27T14:45:45.062-0300][gc,metaspace ] GC(1) Metaspace: 20480K->20480K(1067008K)
[2022-03-27T14:45:45.062-0300][gc           ] GC(1) Pause Young (Concurrent Start) (Metadata GC Threshold) 27M->8M(1024M) 7,945ms
[2022-03-27T14:45:45.062-0300][gc,cpu       ] GC(1) User=0,03s Sys=0,00s Real=0,01s
[2022-03-27T14:45:45.062-0300][gc           ] GC(2) Concurrent Cycle
[2022-03-27T14:45:45.062-0300][gc,marking   ] GC(2) Concurrent Clear Claimed Marks
[2022-03-27T14:45:45.062-0300][gc,marking   ] GC(2) Concurrent Clear Claimed Marks 0,042ms
[2022-03-27T14:45:45.062-0300][gc,marking   ] GC(2) Concurrent Scan Root Regions
[2022-03-27T14:45:45.063-0300][gc,marking   ] GC(2) Concurrent Scan Root Regions 0,690ms
[2022-03-27T14:45:45.063-0300][gc,marking   ] GC(2) Concurrent Mark (1,156s)
[2022-03-27T14:45:45.063-0300][gc,marking   ] GC(2) Concurrent Mark From Roots
[2022-03-27T14:45:45.063-0300][gc,task      ] GC(2) Using 2 workers of 2 for marking
[2022-03-27T14:45:45.069-0300][gc,marking   ] GC(2) Concurrent Mark From Roots 6,251ms
[2022-03-27T14:45:45.069-0300][gc,marking   ] GC(2) Concurrent Preclean
[2022-03-27T14:45:45.069-0300][gc,marking   ] GC(2) Concurrent Preclean 0,096ms
[2022-03-27T14:45:45.069-0300][gc,marking   ] GC(2) Concurrent Mark (1,156s, 1,162s) 6,392ms
[2022-03-27T14:45:45.070-0300][gc,start     ] GC(2) Pause Remark
[2022-03-27T14:45:45.074-0300][gc,stringtable] GC(2) Cleaned string and symbol table, strings: 5127 processed, 0 removed, symbols: 50319 processed, 59 removed
[2022-03-27T14:45:45.074-0300][gc            ] GC(2) Pause Remark 8M->8M(1024M) 4,900ms
[2022-03-27T14:45:45.074-0300][gc,cpu        ] GC(2) User=0,03s Sys=0,00s Real=0,00s
[2022-03-27T14:45:45.075-0300][gc,marking    ] GC(2) Concurrent Rebuild Remembered Sets
[2022-03-27T14:45:45.077-0300][gc,marking    ] GC(2) Concurrent Rebuild Remembered Sets 2,905ms
[2022-03-27T14:45:45.078-0300][gc,start      ] GC(2) Pause Cleanup
[2022-03-27T14:45:45.078-0300][gc            ] GC(2) Pause Cleanup 8M->8M(1024M) 0,173ms
[2022-03-27T14:45:45.078-0300][gc,cpu        ] GC(2) User=0,00s Sys=0,00s Real=0,00s
[2022-03-27T14:45:45.078-0300][gc,marking    ] GC(2) Concurrent Cleanup for Next Mark
[2022-03-27T14:45:45.086-0300][gc,marking    ] GC(2) Concurrent Cleanup for Next Mark 8,017ms
[2022-03-27T14:45:45.086-0300][gc            ] GC(2) Concurrent Cycle 23,600ms
[2022-03-27T14:45:45.676-0300][gc,start      ] GC(3) Pause Young (Normal) (G1 Evacuation Pause)
[2022-03-27T14:45:45.676-0300][gc,task       ] GC(3) Using 8 workers of 8 for evacuation
[2022-03-27T14:45:45.680-0300][gc,phases     ] GC(3)   Pre Evacuate Collection Set: 0,0ms
[2022-03-27T14:45:45.680-0300][gc,phases     ] GC(3)   Evacuate Collection Set: 3,1ms
[2022-03-27T14:45:45.680-0300][gc,phases     ] GC(3)   Post Evacuate Collection Set: 0,3ms
[2022-03-27T14:45:45.680-0300][gc,phases     ] GC(3)   Other: 0,1ms
[2022-03-27T14:45:45.680-0300][gc,heap       ] GC(3) Eden regions: 50->0(46)
[2022-03-27T14:45:45.680-0300][gc,heap       ] GC(3) Survivor regions: 1->5(7)
[2022-03-27T14:45:45.680-0300][gc,heap       ] GC(3) Old regions: 9->9
[2022-03-27T14:45:45.680-0300][gc,heap       ] GC(3) Humongous regions: 129->129
[2022-03-27T14:45:45.680-0300][gc,metaspace  ] GC(3) Metaspace: 29414K->29414K(1075200K)
[2022-03-27T14:45:45.680-0300][gc            ] GC(3) Pause Young (Normal) (G1 Evacuation Pause) 187M->140M(1024M) 3,581ms
[2022-03-27T14:45:45.680-0300][gc,cpu        ] GC(3) User=0,02s Sys=0,00s Real=0,00s
[2022-03-27T14:45:45.902-0300][gc,start      ] GC(4) Pause Young (Concurrent Start) (Metadata GC Threshold)
[2022-03-27T14:45:45.902-0300][gc,task       ] GC(4) Using 8 workers of 8 for evacuation
[2022-03-27T14:45:45.909-0300][gc,phases     ] GC(4)   Pre Evacuate Collection Set: 0,1ms
[2022-03-27T14:45:45.909-0300][gc,phases     ] GC(4)   Evacuate Collection Set: 6,1ms
[2022-03-27T14:45:45.909-0300][gc,phases     ] GC(4)   Post Evacuate Collection Set: 0,4ms
[2022-03-27T14:45:45.909-0300][gc,phases     ] GC(4)   Other: 0,3ms
[2022-03-27T14:45:45.909-0300][gc,heap       ] GC(4) Eden regions: 21->0(49)
[2022-03-27T14:45:45.909-0300][gc,heap       ] GC(4) Survivor regions: 5->2(7)
[2022-03-27T14:45:45.909-0300][gc,heap       ] GC(4) Old regions: 9->13
[2022-03-27T14:45:45.909-0300][gc,heap       ] GC(4) Humongous regions: 129->129
[2022-03-27T14:45:45.909-0300][gc,metaspace  ] GC(4) Metaspace: 34220K->34220K(1079296K)
[2022-03-27T14:45:45.909-0300][gc            ] GC(4) Pause Young (Concurrent Start) (Metadata GC Threshold) 161M->142M(1024M) 7,038ms
[2022-03-27T14:45:45.909-0300][gc,cpu        ] GC(4) User=0,04s Sys=0,00s Real=0,01s
[2022-03-27T14:45:45.909-0300][gc            ] GC(5) Concurrent Cycle
[2022-03-27T14:45:45.909-0300][gc,marking    ] GC(5) Concurrent Clear Claimed Marks
[2022-03-27T14:45:45.909-0300][gc,marking    ] GC(5) Concurrent Clear Claimed Marks 0,076ms
[2022-03-27T14:45:45.909-0300][gc,marking    ] GC(5) Concurrent Scan Root Regions
[2022-03-27T14:45:45.911-0300][gc,marking    ] GC(5) Concurrent Scan Root Regions 1,646ms
[2022-03-27T14:45:45.911-0300][gc,marking    ] GC(5) Concurrent Mark (2,004s)
[2022-03-27T14:45:45.911-0300][gc,marking    ] GC(5) Concurrent Mark From Roots
[2022-03-27T14:45:45.911-0300][gc,task       ] GC(5) Using 2 workers of 2 for marking
[2022-03-27T14:45:45.931-0300][gc,marking    ] GC(5) Concurrent Mark From Roots 19,739ms
[2022-03-27T14:45:45.931-0300][gc,marking    ] GC(5) Concurrent Preclean
[2022-03-27T14:45:45.931-0300][gc,marking    ] GC(5) Concurrent Preclean 0,142ms
[2022-03-27T14:45:45.931-0300][gc,marking    ] GC(5) Concurrent Mark (2,004s, 2,024s) 19,953ms
[2022-03-27T14:45:45.931-0300][gc,start      ] GC(5) Pause Remark
[2022-03-27T14:45:45.935-0300][gc,stringtable] GC(5) Cleaned string and symbol table, strings: 10460 processed, 13 removed, symbols: 82047 processed, 18 removed
[2022-03-27T14:45:45.935-0300][gc            ] GC(5) Pause Remark 145M->145M(1024M) 3,597ms
[2022-03-27T14:45:45.935-0300][gc,cpu        ] GC(5) User=0,01s Sys=0,00s Real=0,00s
[2022-03-27T14:45:45.935-0300][gc,marking    ] GC(5) Concurrent Rebuild Remembered Sets
[2022-03-27T14:45:45.952-0300][gc,marking    ] GC(5) Concurrent Rebuild Remembered Sets 16,606ms
[2022-03-27T14:45:45.952-0300][gc,start      ] GC(5) Pause Cleanup
[2022-03-27T14:45:45.952-0300][gc            ] GC(5) Pause Cleanup 146M->146M(1024M) 0,285ms
[2022-03-27T14:45:45.952-0300][gc,cpu        ] GC(5) User=0,00s Sys=0,00s Real=0,00s
[2022-03-27T14:45:45.953-0300][gc,marking    ] GC(5) Concurrent Cleanup for Next Mark
[2022-03-27T14:45:45.965-0300][gc,marking    ] GC(5) Concurrent Cleanup for Next Mark 11,375ms
[2022-03-27T14:45:45.965-0300][gc            ] GC(5) Concurrent Cycle 55,318ms
[2022-03-27T14:58:28.218-0300][gc,start      ] GC(6) Pause Young (Concurrent Start) (G1 Evacuation Pause)
[2022-03-27T14:58:28.218-0300][gc,task       ] GC(6) Using 8 workers of 8 for evacuation
[2022-03-27T14:58:28.222-0300][gc,phases     ] GC(6)   Pre Evacuate Collection Set: 0,2ms
[2022-03-27T14:58:28.222-0300][gc,phases     ] GC(6)   Evacuate Collection Set: 3,6ms
[2022-03-27T14:58:28.222-0300][gc,phases     ] GC(6)   Post Evacuate Collection Set: 0,5ms
[2022-03-27T14:58:28.222-0300][gc,phases     ] GC(6)   Other: 0,3ms
[2022-03-27T14:58:28.222-0300][gc,heap       ] GC(6) Eden regions: 49->0(47)
[2022-03-27T14:58:28.222-0300][gc,heap       ] GC(6) Survivor regions: 2->4(7)
[2022-03-27T14:58:28.222-0300][gc,heap       ] GC(6) Old regions: 13->13
[2022-03-27T14:58:28.222-0300][gc,heap       ] GC(6) Humongous regions: 129->129
[2022-03-27T14:58:28.222-0300][gc,metaspace  ] GC(6) Metaspace: 40440K->40440K(1085440K)
[2022-03-27T14:58:28.222-0300][gc            ] GC(6) Pause Young (Concurrent Start) (G1 Evacuation Pause) 191M->144M(1024M) 4,615ms
[2022-03-27T14:58:28.222-0300][gc,cpu        ] GC(6) User=0,03s Sys=0,00s Real=0,00s
[2022-03-27T14:58:28.222-0300][gc            ] GC(7) Concurrent Cycle
[2022-03-27T14:58:28.222-0300][gc,marking    ] GC(7) Concurrent Clear Claimed Marks
[2022-03-27T14:58:28.223-0300][gc,marking    ] GC(7) Concurrent Clear Claimed Marks 0,160ms
[2022-03-27T14:58:28.223-0300][gc,marking    ] GC(7) Concurrent Scan Root Regions
[2022-03-27T14:58:28.224-0300][gc,marking    ] GC(7) Concurrent Scan Root Regions 1,855ms
[2022-03-27T14:58:28.224-0300][gc,marking    ] GC(7) Concurrent Mark (764,317s)
[2022-03-27T14:58:28.224-0300][gc,marking    ] GC(7) Concurrent Mark From Roots
[2022-03-27T14:58:28.224-0300][gc,task       ] GC(7) Using 2 workers of 2 for marking
[2022-03-27T14:58:28.234-0300][gc,marking    ] GC(7) Concurrent Mark From Roots 9,375ms
[2022-03-27T14:58:28.234-0300][gc,marking    ] GC(7) Concurrent Preclean
[2022-03-27T14:58:28.234-0300][gc,marking    ] GC(7) Concurrent Preclean 0,097ms
[2022-03-27T14:58:28.234-0300][gc,marking    ] GC(7) Concurrent Mark (764,317s, 764,327s) 9,520ms
[2022-03-27T14:58:28.234-0300][gc,start      ] GC(7) Pause Remark
[2022-03-27T14:58:28.238-0300][gc,stringtable] GC(7) Cleaned string and symbol table, strings: 11808 processed, 3 removed, symbols: 88085 processed, 6 removed
[2022-03-27T14:58:28.238-0300][gc            ] GC(7) Pause Remark 145M->145M(1024M) 3,870ms
[2022-03-27T14:58:28.238-0300][gc,cpu        ] GC(7) User=0,03s Sys=0,00s Real=0,01s
[2022-03-27T14:58:28.238-0300][gc,marking    ] GC(7) Concurrent Rebuild Remembered Sets
[2022-03-27T14:58:28.244-0300][gc,marking    ] GC(7) Concurrent Rebuild Remembered Sets 5,662ms
[2022-03-27T14:58:28.244-0300][gc,start      ] GC(7) Pause Cleanup
[2022-03-27T14:58:28.244-0300][gc            ] GC(7) Pause Cleanup 145M->145M(1024M) 0,177ms
[2022-03-27T14:58:28.244-0300][gc,cpu        ] GC(7) User=0,00s Sys=0,00s Real=0,00s
[2022-03-27T14:58:28.244-0300][gc,marking    ] GC(7) Concurrent Cleanup for Next Mark
[2022-03-27T14:58:28.245-0300][gc,marking    ] GC(7) Concurrent Cleanup for Next Mark 0,815ms
[2022-03-27T14:58:28.245-0300][gc            ] GC(7) Concurrent Cycle 22,640ms
[2022-03-27T15:05:38.401-0300][gc,heap,exit  ] Heap
[2022-03-27T15:05:38.401-0300][gc,heap,exit  ]  garbage-first heap   total 1048576K, used 177409K [0x00000000c0000000, 0x0000000100000000)
[2022-03-27T15:05:38.401-0300][gc,heap,exit  ]   region size 1024K, 34 young (34816K), 4 survivors (4096K)
[2022-03-27T15:05:38.401-0300][gc,heap,exit  ]  Metaspace       used 43134K, capacity 45900K, committed 46252K, reserved 1087488K
[2022-03-27T15:05:38.401-0300][gc,heap,exit  ]   class space    used 6178K, capacity 7575K, committed 7680K, reserved 1048576K
