[2022-03-27T15:16:11.585-0300][gc,heap] Heap region size: 1M
[2022-03-27T15:16:11.601-0300][gc     ] Using G1
[2022-03-27T15:16:11.601-0300][gc,heap,coops] Heap address: 0x00000000e0000000, size: 512 MB, Compressed Oops mode: 32-bit
[2022-03-27T15:16:11.602-0300][gc,cds       ] Mark closed archive regions in map: [0x00000000fff00000, 0x00000000fff6aff8]
[2022-03-27T15:16:11.602-0300][gc,cds       ] Mark open archive regions in map: [0x00000000ffe00000, 0x00000000ffe46ff8]
[2022-03-27T15:16:13.329-0300][gc,start     ] GC(0) Pause Young (Normal) (G1 Evacuation Pause)
[2022-03-27T15:16:13.332-0300][gc,task      ] GC(0) Using 8 workers of 8 for evacuation
[2022-03-27T15:16:13.362-0300][gc,mmu       ] GC(0) MMU target violated: 21,0ms (20,0ms/21,0ms)
[2022-03-27T15:16:13.362-0300][gc,phases    ] GC(0)   Pre Evacuate Collection Set: 0,0ms
[2022-03-27T15:16:13.362-0300][gc,phases    ] GC(0)   Evacuate Collection Set: 28,8ms
[2022-03-27T15:16:13.362-0300][gc,phases    ] GC(0)   Post Evacuate Collection Set: 0,8ms
[2022-03-27T15:16:13.362-0300][gc,phases    ] GC(0)   Other: 3,4ms
[2022-03-27T15:16:13.362-0300][gc,heap      ] GC(0) Eden regions: 25->0(21)
[2022-03-27T15:16:13.362-0300][gc,heap      ] GC(0) Survivor regions: 0->4(4)
[2022-03-27T15:16:13.362-0300][gc,heap      ] GC(0) Old regions: 2->4
[2022-03-27T15:16:13.362-0300][gc,heap      ] GC(0) Humongous regions: 0->0
[2022-03-27T15:16:13.362-0300][gc,metaspace ] GC(0) Metaspace: 7577K->7577K(1056768K)
[2022-03-27T15:16:13.362-0300][gc           ] GC(0) Pause Young (Normal) (G1 Evacuation Pause) 25M->6M(512M) 33,171ms
[2022-03-27T15:16:13.362-0300][gc,cpu       ] GC(0) User=0,21s Sys=0,01s Real=0,03s
[2022-03-27T15:35:24.343-0300][gc,heap,exit ] Heap
[2022-03-27T15:35:24.343-0300][gc,heap,exit ]  garbage-first heap   total 524288K, used 12605K [0x00000000e0000000, 0x0000000100000000)
[2022-03-27T15:35:24.343-0300][gc,heap,exit ]   region size 1024K, 11 young (11264K), 4 survivors (4096K)
[2022-03-27T15:35:24.343-0300][gc,heap,exit ]  Metaspace       used 8306K, capacity 8722K, committed 8960K, reserved 1056768K
[2022-03-27T15:35:24.343-0300][gc,heap,exit ]   class space    used 892K, capacity 1015K, committed 1024K, reserved 1048576K
