[2022-03-27T15:36:26.236-0300][gc,heap] Heap region size: 1M
[2022-03-27T15:36:26.243-0300][gc     ] Using G1
[2022-03-27T15:36:26.243-0300][gc,heap,coops] Heap address: 0x00000000c0000000, size: 1024 MB, Compressed Oops mode: 32-bit
[2022-03-27T15:36:26.244-0300][gc,cds       ] Mark closed archive regions in map: [0x00000000fff00000, 0x00000000fff6aff8]
[2022-03-27T15:36:26.244-0300][gc,cds       ] Mark open archive regions in map: [0x00000000ffe00000, 0x00000000ffe46ff8]
[2022-03-27T15:36:27.076-0300][gc,start     ] GC(0) Pause Young (Normal) (G1 Evacuation Pause)
[2022-03-27T15:36:27.077-0300][gc,task      ] GC(0) Using 8 workers of 8 for evacuation
[2022-03-27T15:36:27.084-0300][gc,phases    ] GC(0)   Pre Evacuate Collection Set: 0,0ms
[2022-03-27T15:36:27.084-0300][gc,phases    ] GC(0)   Evacuate Collection Set: 6,5ms
[2022-03-27T15:36:27.084-0300][gc,phases    ] GC(0)   Post Evacuate Collection Set: 0,4ms
[2022-03-27T15:36:27.084-0300][gc,phases    ] GC(0)   Other: 0,9ms
[2022-03-27T15:36:27.084-0300][gc,heap      ] GC(0) Eden regions: 51->0(44)
[2022-03-27T15:36:27.084-0300][gc,heap      ] GC(0) Survivor regions: 0->7(7)
[2022-03-27T15:36:27.084-0300][gc,heap      ] GC(0) Old regions: 2->2
[2022-03-27T15:36:27.084-0300][gc,heap      ] GC(0) Humongous regions: 0->0
[2022-03-27T15:36:27.084-0300][gc,metaspace ] GC(0) Metaspace: 15616K->15616K(1062912K)
[2022-03-27T15:36:27.084-0300][gc           ] GC(0) Pause Young (Normal) (G1 Evacuation Pause) 51M->7M(1024M) 7,933ms
[2022-03-27T15:36:27.084-0300][gc,cpu       ] GC(0) User=0,05s Sys=0,00s Real=0,01s
[2022-03-27T15:36:27.298-0300][gc,start     ] GC(1) Pause Young (Concurrent Start) (Metadata GC Threshold)
[2022-03-27T15:36:27.298-0300][gc,task      ] GC(1) Using 8 workers of 8 for evacuation
[2022-03-27T15:36:27.306-0300][gc,phases    ] GC(1)   Pre Evacuate Collection Set: 0,1ms
[2022-03-27T15:36:27.306-0300][gc,phases    ] GC(1)   Evacuate Collection Set: 7,8ms
[2022-03-27T15:36:27.306-0300][gc,phases    ] GC(1)   Post Evacuate Collection Set: 0,4ms
[2022-03-27T15:36:27.306-0300][gc,phases    ] GC(1)   Other: 0,3ms
[2022-03-27T15:36:27.306-0300][gc,heap      ] GC(1) Eden regions: 20->0(49)
[2022-03-27T15:36:27.306-0300][gc,heap      ] GC(1) Survivor regions: 7->2(7)
[2022-03-27T15:36:27.306-0300][gc,heap      ] GC(1) Old regions: 2->9
[2022-03-27T15:36:27.306-0300][gc,heap      ] GC(1) Humongous regions: 0->0
[2022-03-27T15:36:27.306-0300][gc,metaspace ] GC(1) Metaspace: 20517K->20517K(1067008K)
[2022-03-27T15:36:27.306-0300][gc           ] GC(1) Pause Young (Concurrent Start) (Metadata GC Threshold) 26M->8M(1024M) 8,662ms
[2022-03-27T15:36:27.306-0300][gc,cpu       ] GC(1) User=0,04s Sys=0,00s Real=0,01s
[2022-03-27T15:36:27.306-0300][gc           ] GC(2) Concurrent Cycle
[2022-03-27T15:36:27.306-0300][gc,marking   ] GC(2) Concurrent Clear Claimed Marks
[2022-03-27T15:36:27.306-0300][gc,marking   ] GC(2) Concurrent Clear Claimed Marks 0,047ms
[2022-03-27T15:36:27.306-0300][gc,marking   ] GC(2) Concurrent Scan Root Regions
[2022-03-27T15:36:27.307-0300][gc,marking   ] GC(2) Concurrent Scan Root Regions 0,748ms
[2022-03-27T15:36:27.307-0300][gc,marking   ] GC(2) Concurrent Mark (1,095s)
[2022-03-27T15:36:27.307-0300][gc,marking   ] GC(2) Concurrent Mark From Roots
[2022-03-27T15:36:27.307-0300][gc,task      ] GC(2) Using 2 workers of 2 for marking
[2022-03-27T15:36:27.313-0300][gc,marking   ] GC(2) Concurrent Mark From Roots 5,900ms
[2022-03-27T15:36:27.313-0300][gc,marking   ] GC(2) Concurrent Preclean
[2022-03-27T15:36:27.313-0300][gc,marking   ] GC(2) Concurrent Preclean 0,129ms
[2022-03-27T15:36:27.313-0300][gc,marking   ] GC(2) Concurrent Mark (1,095s, 1,101s) 6,088ms
[2022-03-27T15:36:27.313-0300][gc,start     ] GC(2) Pause Remark
[2022-03-27T15:36:27.320-0300][gc,stringtable] GC(2) Cleaned string and symbol table, strings: 5067 processed, 0 removed, symbols: 50308 processed, 57 removed
[2022-03-27T15:36:27.320-0300][gc            ] GC(2) Pause Remark 8M->8M(1024M) 6,361ms
[2022-03-27T15:36:27.320-0300][gc,cpu        ] GC(2) User=0,03s Sys=0,00s Real=0,01s
[2022-03-27T15:36:27.320-0300][gc,marking    ] GC(2) Concurrent Rebuild Remembered Sets
[2022-03-27T15:36:27.322-0300][gc,marking    ] GC(2) Concurrent Rebuild Remembered Sets 2,164ms
[2022-03-27T15:36:27.322-0300][gc,start      ] GC(2) Pause Cleanup
[2022-03-27T15:36:27.322-0300][gc            ] GC(2) Pause Cleanup 8M->8M(1024M) 0,160ms
[2022-03-27T15:36:27.322-0300][gc,cpu        ] GC(2) User=0,00s Sys=0,00s Real=0,00s
[2022-03-27T15:36:27.322-0300][gc,marking    ] GC(2) Concurrent Cleanup for Next Mark
[2022-03-27T15:36:27.325-0300][gc,marking    ] GC(2) Concurrent Cleanup for Next Mark 3,045ms
[2022-03-27T15:36:27.325-0300][gc            ] GC(2) Concurrent Cycle 18,991ms
[2022-03-27T15:36:28.095-0300][gc,start      ] GC(3) Pause Young (Normal) (G1 Evacuation Pause)
[2022-03-27T15:36:28.095-0300][gc,task       ] GC(3) Using 8 workers of 8 for evacuation
[2022-03-27T15:36:28.098-0300][gc,phases     ] GC(3)   Pre Evacuate Collection Set: 0,0ms
[2022-03-27T15:36:28.098-0300][gc,phases     ] GC(3)   Evacuate Collection Set: 2,3ms
[2022-03-27T15:36:28.098-0300][gc,phases     ] GC(3)   Post Evacuate Collection Set: 0,4ms
[2022-03-27T15:36:28.098-0300][gc,phases     ] GC(3)   Other: 0,1ms
[2022-03-27T15:36:28.098-0300][gc,heap       ] GC(3) Eden regions: 49->0(47)
[2022-03-27T15:36:28.098-0300][gc,heap       ] GC(3) Survivor regions: 2->4(7)
[2022-03-27T15:36:28.098-0300][gc,heap       ] GC(3) Old regions: 9->9
[2022-03-27T15:36:28.098-0300][gc,heap       ] GC(3) Humongous regions: 129->129
[2022-03-27T15:36:28.098-0300][gc,metaspace  ] GC(3) Metaspace: 29015K->29015K(1075200K)
[2022-03-27T15:36:28.098-0300][gc            ] GC(3) Pause Young (Normal) (G1 Evacuation Pause) 186M->140M(1024M) 2,967ms
[2022-03-27T15:36:28.098-0300][gc,cpu        ] GC(3) User=0,01s Sys=0,01s Real=0,01s
[2022-03-27T15:36:28.411-0300][gc,start      ] GC(4) Pause Young (Concurrent Start) (Metadata GC Threshold)
[2022-03-27T15:36:28.411-0300][gc,task       ] GC(4) Using 8 workers of 8 for evacuation
[2022-03-27T15:36:28.417-0300][gc,phases     ] GC(4)   Pre Evacuate Collection Set: 0,1ms
[2022-03-27T15:36:28.417-0300][gc,phases     ] GC(4)   Evacuate Collection Set: 5,1ms
[2022-03-27T15:36:28.417-0300][gc,phases     ] GC(4)   Post Evacuate Collection Set: 0,4ms
[2022-03-27T15:36:28.417-0300][gc,phases     ] GC(4)   Other: 0,2ms
[2022-03-27T15:36:28.417-0300][gc,heap       ] GC(4) Eden regions: 30->0(45)
[2022-03-27T15:36:28.417-0300][gc,heap       ] GC(4) Survivor regions: 4->6(7)
[2022-03-27T15:36:28.417-0300][gc,heap       ] GC(4) Old regions: 9->10
[2022-03-27T15:36:28.417-0300][gc,heap       ] GC(4) Humongous regions: 129->129
[2022-03-27T15:36:28.417-0300][gc,metaspace  ] GC(4) Metaspace: 34574K->34574K(1081344K)
[2022-03-27T15:36:28.417-0300][gc            ] GC(4) Pause Young (Concurrent Start) (Metadata GC Threshold) 169M->142M(1024M) 5,988ms
[2022-03-27T15:36:28.417-0300][gc,cpu        ] GC(4) User=0,03s Sys=0,00s Real=0,01s
[2022-03-27T15:36:28.417-0300][gc            ] GC(5) Concurrent Cycle
[2022-03-27T15:36:28.417-0300][gc,marking    ] GC(5) Concurrent Clear Claimed Marks
[2022-03-27T15:36:28.417-0300][gc,marking    ] GC(5) Concurrent Clear Claimed Marks 0,064ms
[2022-03-27T15:36:28.417-0300][gc,marking    ] GC(5) Concurrent Scan Root Regions
[2022-03-27T15:36:28.420-0300][gc,marking    ] GC(5) Concurrent Scan Root Regions 2,620ms
[2022-03-27T15:36:28.420-0300][gc,marking    ] GC(5) Concurrent Mark (2,208s)
[2022-03-27T15:36:28.420-0300][gc,marking    ] GC(5) Concurrent Mark From Roots
[2022-03-27T15:36:28.420-0300][gc,task       ] GC(5) Using 2 workers of 2 for marking
[2022-03-27T15:36:28.432-0300][gc,marking    ] GC(5) Concurrent Mark From Roots 11,914ms
[2022-03-27T15:36:28.432-0300][gc,marking    ] GC(5) Concurrent Preclean
[2022-03-27T15:36:28.432-0300][gc,marking    ] GC(5) Concurrent Preclean 0,150ms
[2022-03-27T15:36:28.432-0300][gc,marking    ] GC(5) Concurrent Mark (2,208s, 2,220s) 12,132ms
[2022-03-27T15:36:28.432-0300][gc,start      ] GC(5) Pause Remark
[2022-03-27T15:36:28.438-0300][gc,stringtable] GC(5) Cleaned string and symbol table, strings: 10722 processed, 10 removed, symbols: 80401 processed, 17 removed
[2022-03-27T15:36:28.438-0300][gc            ] GC(5) Pause Remark 143M->143M(1024M) 6,028ms
[2022-03-27T15:36:28.438-0300][gc,cpu        ] GC(5) User=0,03s Sys=0,00s Real=0,01s
[2022-03-27T15:36:28.438-0300][gc,marking    ] GC(5) Concurrent Rebuild Remembered Sets
[2022-03-27T15:36:28.445-0300][gc,marking    ] GC(5) Concurrent Rebuild Remembered Sets 6,387ms
[2022-03-27T15:36:28.447-0300][gc,start      ] GC(5) Pause Cleanup
[2022-03-27T15:36:28.447-0300][gc            ] GC(5) Pause Cleanup 143M->143M(1024M) 0,225ms
[2022-03-27T15:36:28.447-0300][gc,cpu        ] GC(5) User=0,00s Sys=0,00s Real=0,00s
[2022-03-27T15:36:28.447-0300][gc,marking    ] GC(5) Concurrent Cleanup for Next Mark
[2022-03-27T15:36:28.452-0300][gc,marking    ] GC(5) Concurrent Cleanup for Next Mark 5,403ms
[2022-03-27T15:36:28.452-0300][gc            ] GC(5) Concurrent Cycle 35,026ms
[2022-03-27T15:40:38.260-0300][gc,start      ] GC(6) Pause Young (Normal) (G1 Evacuation Pause)
[2022-03-27T15:40:38.260-0300][gc,task       ] GC(6) Using 8 workers of 8 for evacuation
[2022-03-27T15:40:38.268-0300][gc,phases     ] GC(6)   Pre Evacuate Collection Set: 0,0ms
[2022-03-27T15:40:38.268-0300][gc,phases     ] GC(6)   Evacuate Collection Set: 6,7ms
[2022-03-27T15:40:38.268-0300][gc,phases     ] GC(6)   Post Evacuate Collection Set: 0,8ms
[2022-03-27T15:40:38.268-0300][gc,phases     ] GC(6)   Other: 0,2ms
[2022-03-27T15:40:38.268-0300][gc,heap       ] GC(6) Eden regions: 45->0(45)
[2022-03-27T15:40:38.268-0300][gc,heap       ] GC(6) Survivor regions: 6->6(7)
[2022-03-27T15:40:38.268-0300][gc,heap       ] GC(6) Old regions: 10->13
[2022-03-27T15:40:38.268-0300][gc,heap       ] GC(6) Humongous regions: 147->129
[2022-03-27T15:40:38.268-0300][gc,metaspace  ] GC(6) Metaspace: 41806K->41806K(1087488K)
[2022-03-27T15:40:38.268-0300][gc            ] GC(6) Pause Young (Normal) (G1 Evacuation Pause) 205M->145M(1024M) 7,875ms
[2022-03-27T15:40:38.268-0300][gc,cpu        ] GC(6) User=0,05s Sys=0,00s Real=0,01s
[2022-03-27T15:56:48.802-0300][gc,start      ] GC(7) Pause Young (Normal) (G1 Evacuation Pause)
[2022-03-27T15:56:48.803-0300][gc,task       ] GC(7) Using 8 workers of 8 for evacuation
[2022-03-27T15:56:48.813-0300][gc,phases     ] GC(7)   Pre Evacuate Collection Set: 0,1ms
[2022-03-27T15:56:48.813-0300][gc,phases     ] GC(7)   Evacuate Collection Set: 9,2ms
[2022-03-27T15:56:48.813-0300][gc,phases     ] GC(7)   Post Evacuate Collection Set: 0,9ms
[2022-03-27T15:56:48.813-0300][gc,phases     ] GC(7)   Other: 0,6ms
[2022-03-27T15:56:48.813-0300][gc,heap       ] GC(7) Eden regions: 45->0(46)
[2022-03-27T15:56:48.813-0300][gc,heap       ] GC(7) Survivor regions: 6->5(7)
[2022-03-27T15:56:48.813-0300][gc,heap       ] GC(7) Old regions: 13->15
[2022-03-27T15:56:48.813-0300][gc,heap       ] GC(7) Humongous regions: 129->129
[2022-03-27T15:56:48.813-0300][gc,metaspace  ] GC(7) Metaspace: 43359K->43359K(1087488K)
[2022-03-27T15:56:48.813-0300][gc            ] GC(7) Pause Young (Normal) (G1 Evacuation Pause) 190M->146M(1024M) 10,831ms
[2022-03-27T15:56:48.813-0300][gc,cpu        ] GC(7) User=0,07s Sys=0,00s Real=0,01s
[2022-03-27T16:11:16.121-0300][gc,start      ] GC(8) Pause Young (Normal) (G1 Evacuation Pause)
[2022-03-27T16:11:16.121-0300][gc,task       ] GC(8) Using 8 workers of 8 for evacuation
[2022-03-27T16:11:16.136-0300][gc,phases     ] GC(8)   Pre Evacuate Collection Set: 0,1ms
[2022-03-27T16:11:16.136-0300][gc,phases     ] GC(8)   Evacuate Collection Set: 10,9ms
[2022-03-27T16:11:16.136-0300][gc,phases     ] GC(8)   Post Evacuate Collection Set: 3,3ms
[2022-03-27T16:11:16.136-0300][gc,phases     ] GC(8)   Other: 0,5ms
[2022-03-27T16:11:16.136-0300][gc,heap       ] GC(8) Eden regions: 46->0(48)
[2022-03-27T16:11:16.136-0300][gc,heap       ] GC(8) Survivor regions: 5->3(7)
[2022-03-27T16:11:16.136-0300][gc,heap       ] GC(8) Old regions: 15->18
[2022-03-27T16:11:16.136-0300][gc,heap       ] GC(8) Humongous regions: 129->129
[2022-03-27T16:11:16.136-0300][gc,metaspace  ] GC(8) Metaspace: 43743K->43743K(1089536K)
[2022-03-27T16:11:16.136-0300][gc            ] GC(8) Pause Young (Normal) (G1 Evacuation Pause) 192M->147M(1024M) 15,264ms
[2022-03-27T16:11:16.136-0300][gc,cpu        ] GC(8) User=0,09s Sys=0,00s Real=0,02s
[2022-03-27T16:11:55.969-0300][gc,heap,exit  ] Heap
[2022-03-27T16:11:55.969-0300][gc,heap,exit  ]  garbage-first heap   total 1048576K, used 162261K [0x00000000c0000000, 0x0000000100000000)
[2022-03-27T16:11:55.969-0300][gc,heap,exit  ]   region size 1024K, 15 young (15360K), 3 survivors (3072K)
[2022-03-27T16:11:55.969-0300][gc,heap,exit  ]  Metaspace       used 44555K, capacity 47552K, committed 47772K, reserved 1089536K
[2022-03-27T16:11:55.969-0300][gc,heap,exit  ]   class space    used 6311K, capacity 7774K, committed 7884K, reserved 1048576K
