[2022-03-27T14:42:24.881-0300][gc,heap] Heap region size: 1M
[2022-03-27T14:42:24.897-0300][gc     ] Using G1
[2022-03-27T14:42:24.897-0300][gc,heap,coops] Heap address: 0x00000000e0000000, size: 512 MB, Compressed Oops mode: 32-bit
[2022-03-27T14:42:24.898-0300][gc,cds       ] Mark closed archive regions in map: [0x00000000fff00000, 0x00000000fff6aff8]
[2022-03-27T14:42:24.898-0300][gc,cds       ] Mark open archive regions in map: [0x00000000ffe00000, 0x00000000ffe46ff8]
[2022-03-27T14:45:44.733-0300][gc,start     ] GC(0) Pause Young (Normal) (G1 Evacuation Pause)
[2022-03-27T14:45:44.733-0300][gc,task      ] GC(0) Using 8 workers of 8 for evacuation
[2022-03-27T14:45:44.740-0300][gc,phases    ] GC(0)   Pre Evacuate Collection Set: 0,0ms
[2022-03-27T14:45:44.740-0300][gc,phases    ] GC(0)   Evacuate Collection Set: 6,6ms
[2022-03-27T14:45:44.740-0300][gc,phases    ] GC(0)   Post Evacuate Collection Set: 0,3ms
[2022-03-27T14:45:44.740-0300][gc,phases    ] GC(0)   Other: 0,5ms
[2022-03-27T14:45:44.740-0300][gc,heap      ] GC(0) Eden regions: 25->0(21)
[2022-03-27T14:45:44.740-0300][gc,heap      ] GC(0) Survivor regions: 0->4(4)
[2022-03-27T14:45:44.740-0300][gc,heap      ] GC(0) Old regions: 2->4
[2022-03-27T14:45:44.740-0300][gc,heap      ] GC(0) Humongous regions: 0->0
[2022-03-27T14:45:44.740-0300][gc,metaspace ] GC(0) Metaspace: 7600K->7600K(1056768K)
[2022-03-27T14:45:44.740-0300][gc           ] GC(0) Pause Young (Normal) (G1 Evacuation Pause) 25M->6M(512M) 7,520ms
[2022-03-27T14:45:44.740-0300][gc,cpu       ] GC(0) User=0,04s Sys=0,00s Real=0,01s
[2022-03-27T15:05:47.610-0300][gc,heap,exit ] Heap
[2022-03-27T15:05:47.610-0300][gc,heap,exit ]  garbage-first heap   total 524288K, used 13652K [0x00000000e0000000, 0x0000000100000000)
[2022-03-27T15:05:47.610-0300][gc,heap,exit ]   region size 1024K, 12 young (12288K), 4 survivors (4096K)
[2022-03-27T15:05:47.611-0300][gc,heap,exit ]  Metaspace       used 8286K, capacity 8658K, committed 8960K, reserved 1056768K
[2022-03-27T15:05:47.611-0300][gc,heap,exit ]   class space    used 890K, capacity 1015K, committed 1024K, reserved 1048576K
